{
  "version": "1.5.0",
  "plugins_used": [
    {
      "name": "ArtifactoryDetector"
    },
    {
      "name": "AWSKeyDetector"
    },
    {
      "name": "AzureStorageKeyDetector"
    },
    {
      "name": "Base64HighEntropyString",
      "limit": 4.5
    },
    {
      "name": "BasicAuthDetector"
    },
    {
      "name": "CloudantDetector"
    },
    {
      "name": "DiscordBotTokenDetector"
    },
    {
      "name": "GitHubTokenDetector"
    },
    {
      "name": "GitLabTokenDetector"
    },
    {
      "name": "HexHighEntropyString",
      "limit": 3.0
    },
    {
      "name": "IbmCloudIamDetector"
    },
    {
      "name": "IbmCosHmacDetector"
    },
    {
      "name": "IPPublicDetector"
    },
    {
      "name": "JwtTokenDetector"
    },
    {
      "name": "KeywordDetector",
      "keyword_exclude": ""
    },
    {
      "name": "MailchimpDetector"
    },
    {
      "name": "NpmDetector"
    },
    {
      "name": "OpenAIDetector"
    },
    {
      "name": "PrivateKeyDetector"
    },
    {
      "name": "PypiTokenDetector"
    },
    {
      "name": "SendGridDetector"
    },
    {
      "name": "SlackDetector"
    },
    {
      "name": "SoftlayerDetector"
    },
    {
      "name": "SquareOAuthDetector"
    },
    {
      "name": "StripeDetector"
    },
    {
      "name": "TelegramBotTokenDetector"
    },
    {
      "name": "TwilioKeyDetector"
    }
  ],
  "filters_used": [
    {
      "path": "detect_secrets.filters.allowlist.is_line_allowlisted"
    },
    {
      "path": "detect_secrets.filters.common.is_ignored_due_to_verification_policies",
      "min_level": 2
    },
    {
      "path": "detect_secrets.filters.heuristic.is_indirect_reference"
    },
    {
      "path": "detect_secrets.filters.heuristic.is_likely_id_string"
    },
    {
      "path": "detect_secrets.filters.heuristic.is_lock_file"
    },
    {
      "path": "detect_secrets.filters.heuristic.is_not_alphanumeric_string"
    },
    {
      "path": "detect_secrets.filters.heuristic.is_potential_uuid"
    },
    {
      "path": "detect_secrets.filters.heuristic.is_prefixed_with_dollar_sign"
    },
    {
      "path": "detect_secrets.filters.heuristic.is_sequential_string"
    },
    {
      "path": "detect_secrets.filters.heuristic.is_swagger_file"
    },
    {
      "path": "detect_secrets.filters.heuristic.is_templated_secret"
    }
  ],
  "results": {
    ".env.example": [
      {
        "type": "Basic Auth Credentials",
        "filename": ".env.example",
        "hashed_secret": "572485423ec8c94dc79e7dcd014da05da8dede78",
        "is_verified": false,
        "line_number": 21
      },
      {
        "type": "Basic Auth Credentials",
        "filename": ".env.example",
        "hashed_secret": "7db556c59f3d0b743ce66a30ffc4c40586bfbf2e",
        "is_verified": false,
        "line_number": 34
      }
    ],
    ".github/workflows/ci.yml": [
      {
        "type": "Secret Keyword",
        "filename": ".github/workflows/ci.yml",
        "hashed_secret": "dc0545f06d3bfe4812d0f5156bd266984a239600",
        "is_verified": false,
        "line_number": 46
      },
      {
        "type": "Basic Auth Credentials",
        "filename": ".github/workflows/ci.yml",
        "hashed_secret": "dc0545f06d3bfe4812d0f5156bd266984a239600",
        "is_verified": false,
        "line_number": 54
      },
      {
        "type": "Secret Keyword",
        "filename": ".github/workflows/ci.yml",
        "hashed_secret": "82256c4660cbaf5c84b12b94c9a1e45e138398d6",
        "is_verified": false,
        "line_number": 57
      },
      {
        "type": "Secret Keyword",
        "filename": ".github/workflows/ci.yml",
        "hashed_secret": "98085e74928e275ccb2e9a7631952cbd9eea973f",
        "is_verified": false,
        "line_number": 194
      },
      {
        "type": "Secret Keyword",
        "filename": ".github/workflows/ci.yml",
        "hashed_secret": "08d53de004213318260706fab7a222c8c801ffc4",
        "is_verified": false,
        "line_number": 492
      },
      {
        "type": "Secret Keyword",
        "filename": ".github/workflows/ci.yml",
        "hashed_secret": "d75a62466327deaa62226c67a39b2913b4497a81",
        "is_verified": false,
        "line_number": 493
      },
      {
        "type": "Secret Keyword",
        "filename": ".github/workflows/ci.yml",
        "hashed_secret": "20e1e3aeee85f5f559829605cc8552ec7668cd2e",
        "is_verified": false,
        "line_number": 495
      }
    ],
    "backend/app/config.py": [
      {
        "type": "Basic Auth Credentials",
        "filename": "backend/app/config.py",
        "hashed_secret": "6c7aae8a37111016e57b71b0578b332939fc605f",
        "is_verified": false,
        "line_number": 35
      }
    ],
    "docs/06-programmer-guide.md": [
      {
        "type": "Secret Keyword",
        "filename": "docs/06-programmer-guide.md",
        "hashed_secret": "e806ca6c07e3287840354c9caa301025e3eebe19",
        "is_verified": false,
        "line_number": 71
      }
    ],
    "docs/acceptance-goal-04.md": [
      {
        "type": "Basic Auth Credentials",
        "filename": "docs/acceptance-goal-04.md",
        "hashed_secret": "dc0545f06d3bfe4812d0f5156bd266984a239600",
        "is_verified": false,
        "line_number": 143
      }
    ],
    "docs/acceptance-goal-05.md": [
      {
        "type": "Basic Auth Credentials",
        "filename": "docs/acceptance-goal-05.md",
        "hashed_secret": "dc0545f06d3bfe4812d0f5156bd266984a239600",
        "is_verified": false,
        "line_number": 28
      }
    ],
    "docs/acceptance-goal-08.json": [
      {
        "type": "Hex High Entropy String",
        "filename": "docs/acceptance-goal-08.json",
        "hashed_secret": "7cf7b644cdc597e4bf60f77d9efe0bae3a589b2f",
        "is_verified": false,
        "line_number": 6
      }
    ],
    "docs/acceptance-goal-09.json": [
      {
        "type": "Hex High Entropy String",
        "filename": "docs/acceptance-goal-09.json",
        "hashed_secret": "402aeb5af736beb64d2500eb6e4e56d21ddcec61",
        "is_verified": false,
        "line_number": 4
      },
      {
        "type": "Hex High Entropy String",
        "filename": "docs/acceptance-goal-09.json",
        "hashed_secret": "2edb9c009db36e0fae017ac8e254fcb43d1bc902",
        "is_verified": false,
        "line_number": 6
      }
    ],
    "docs/api.md": [
      {
        "type": "Secret Keyword",
        "filename": "docs/api.md",
        "hashed_secret": "463d8353f4b927fd953e5af7c41084183e8ce5fb",
        "is_verified": false,
        "line_number": 149
      },
      {
        "type": "Secret Keyword",
        "filename": "docs/api.md",
        "hashed_secret": "19986a28eec95368fbbbbb77b09803c321a0e771",
        "is_verified": false,
        "line_number": 176
      },
      {
        "type": "Secret Keyword",
        "filename": "docs/api.md",
        "hashed_secret": "73027c15d2f0904f8823803d682795f029da84c9",
        "is_verified": false,
        "line_number": 211
      },
      {
        "type": "Secret Keyword",
        "filename": "docs/api.md",
        "hashed_secret": "46b1efc6e3a7437c0a211f3c524910cfc9ef54cf",
        "is_verified": false,
        "line_number": 212
      }
    ],
    "docs/testing/defects.md": [
      {
        "type": "Basic Auth Credentials",
        "filename": "docs/testing/defects.md",
        "hashed_secret": "dc0545f06d3bfe4812d0f5156bd266984a239600",
        "is_verified": false,
        "line_number": 294
      }
    ],
    "docs/worklog.md": [
      {
        "type": "Basic Auth Credentials",
        "filename": "docs/worklog.md",
        "hashed_secret": "dc0545f06d3bfe4812d0f5156bd266984a239600",
        "is_verified": false,
        "line_number": 1199
      }
    ],
    "frontend/e2e/email.spec.ts": [
      {
        "type": "Secret Keyword",
        "filename": "frontend/e2e/email.spec.ts",
        "hashed_secret": "20e1e3aeee85f5f559829605cc8552ec7668cd2e",
        "is_verified": false,
        "line_number": 4
      },
      {
        "type": "Secret Keyword",
        "filename": "frontend/e2e/email.spec.ts",
        "hashed_secret": "ec7a63290840de937c9298ca5b323cba672d2131",
        "is_verified": false,
        "line_number": 5
      }
    ],
    "frontend/e2e/sso.spec.ts": [
      {
        "type": "Secret Keyword",
        "filename": "frontend/e2e/sso.spec.ts",
        "hashed_secret": "a48fc252c80c79d3fab1a454463f1da7e0cdae89",
        "is_verified": false,
        "line_number": 127
      }
    ],
    "packages/python-sdk/README.md": [
      {
        "type": "Secret Keyword",
        "filename": "packages/python-sdk/README.md",
        "hashed_secret": "d9ec1c60cf6b2603f8d2dc12fce7746c73e501b1",
        "is_verified": false,
        "line_number": 68
      }
    ],
    "scripts/manage_test_server.py": [
      {
        "type": "Basic Auth Credentials",
        "filename": "scripts/manage_test_server.py",
        "hashed_secret": "dc0545f06d3bfe4812d0f5156bd266984a239600",
        "is_verified": false,
        "line_number": 199
      }
    ],
    "scripts/prepare_e2e_data.py": [
      {
        "type": "Secret Keyword",
        "filename": "scripts/prepare_e2e_data.py",
        "hashed_secret": "20e1e3aeee85f5f559829605cc8552ec7668cd2e",
        "is_verified": false,
        "line_number": 45
      },
      {
        "type": "Secret Keyword",
        "filename": "scripts/prepare_e2e_data.py",
        "hashed_secret": "3c9f92c30ecae5350d5ea52df41e99994a80b5de",
        "is_verified": false,
        "line_number": 52
      },
      {
        "type": "Secret Keyword",
        "filename": "scripts/prepare_e2e_data.py",
        "hashed_secret": "08d53de004213318260706fab7a222c8c801ffc4",
        "is_verified": false,
        "line_number": 168
      },
      {
        "type": "Secret Keyword",
        "filename": "scripts/prepare_e2e_data.py",
        "hashed_secret": "d75a62466327deaa62226c67a39b2913b4497a81",
        "is_verified": false,
        "line_number": 178
      },
      {
        "type": "Secret Keyword",
        "filename": "scripts/prepare_e2e_data.py",
        "hashed_secret": "ac77efb3a62562a1388039b923a0b72bdbeac574",
        "is_verified": false,
        "line_number": 46
      },
      {
        "type": "Secret Keyword",
        "filename": "scripts/prepare_e2e_data.py",
        "hashed_secret": "6e045f6f32a6cc3d3be17962d881645f75c5ec8f",
        "is_verified": false,
        "line_number": 53
      }
    ],
    "scripts/run_e2e_suite.py": [
      {
        "type": "Basic Auth Credentials",
        "filename": "scripts/run_e2e_suite.py",
        "hashed_secret": "dc0545f06d3bfe4812d0f5156bd266984a239600",
        "is_verified": false,
        "line_number": 48
      },
      {
        "type": "Secret Keyword",
        "filename": "scripts/run_e2e_suite.py",
        "hashed_secret": "82256c4660cbaf5c84b12b94c9a1e45e138398d6",
        "is_verified": false,
        "line_number": 57
      }
    ],
    "scripts/run_overnight_stability.py": [
      {
        "type": "Basic Auth Credentials",
        "filename": "scripts/run_overnight_stability.py",
        "hashed_secret": "dc0545f06d3bfe4812d0f5156bd266984a239600",
        "is_verified": false,
        "line_number": 47
      },
      {
        "type": "Secret Keyword",
        "filename": "scripts/run_overnight_stability.py",
        "hashed_secret": "82256c4660cbaf5c84b12b94c9a1e45e138398d6",
        "is_verified": false,
        "line_number": 396
      },
      {
        "type": "Secret Keyword",
        "filename": "scripts/run_overnight_stability.py",
        "hashed_secret": "20e1e3aeee85f5f559829605cc8552ec7668cd2e",
        "is_verified": false,
        "line_number": 848
      },
      {
        "type": "Secret Keyword",
        "filename": "scripts/run_overnight_stability.py",
        "hashed_secret": "08d53de004213318260706fab7a222c8c801ffc4",
        "is_verified": false,
        "line_number": 871
      },
      {
        "type": "Secret Keyword",
        "filename": "scripts/run_overnight_stability.py",
        "hashed_secret": "ebd3af1c8a483933d976b190a371106edf9273d2",
        "is_verified": false,
        "line_number": 947
      },
      {
        "type": "Secret Keyword",
        "filename": "scripts/run_overnight_stability.py",
        "hashed_secret": "73370a6e71abc9287dc4a3be35825bd705225e07",
        "is_verified": false,
        "line_number": 1933
      },
      {
        "type": "Secret Keyword",
        "filename": "scripts/run_overnight_stability.py",
        "hashed_secret": "49efef5f70d47adc2db2eb397fbef5f7bc560e29",
        "is_verified": false,
        "line_number": 1953
      }
    ],
    "tests/db_guard.py": [
      {
        "type": "Basic Auth Credentials",
        "filename": "tests/db_guard.py",
        "hashed_secret": "dc0545f06d3bfe4812d0f5156bd266984a239600",
        "is_verified": false,
        "line_number": 75
      }
    ],
    "tests/integration/test_auth_sessions_pg.py": [
      {
        "type": "Secret Keyword",
        "filename": "tests/integration/test_auth_sessions_pg.py",
        "hashed_secret": "14c6536760a4ab78b2ec56a6534154ae97bb8e36",
        "is_verified": false,
        "line_number": 21
      },
      {
        "type": "Secret Keyword",
        "filename": "tests/integration/test_auth_sessions_pg.py",
        "hashed_secret": "98e540ffae8223c143f1453da4c8604ca943213e",
        "is_verified": false,
        "line_number": 29
      },
      {
        "type": "Secret Keyword",
        "filename": "tests/integration/test_auth_sessions_pg.py",
        "hashed_secret": "a4e816b0a61bfb907ee7f12d0051dd7e7427c826",
        "is_verified": false,
        "line_number": 115
      },
      {
        "type": "Secret Keyword",
        "filename": "tests/integration/test_auth_sessions_pg.py",
        "hashed_secret": "1a58c3407dd4e07d1df93ca6806837da1b548263",
        "is_verified": false,
        "line_number": 151
      },
      {
        "type": "Secret Keyword",
        "filename": "tests/integration/test_auth_sessions_pg.py",
        "hashed_secret": "b3f377a87c9018caa8aea51da23cdc17c74bc946",
        "is_verified": false,
        "line_number": 193
      },
      {
        "type": "Secret Keyword",
        "filename": "tests/integration/test_auth_sessions_pg.py",
        "hashed_secret": "de901dc02af436399c9c435ddfde71e8971db341",
        "is_verified": false,
        "line_number": 218
      },
      {
        "type": "Secret Keyword",
        "filename": "tests/integration/test_auth_sessions_pg.py",
        "hashed_secret": "26892b0a6e7e5fcba0ccd39c546af7d1ceb2077b",
        "is_verified": false,
        "line_number": 304
      }
    ],
    "tests/integration/test_bootstrap_pg.py": [
      {
        "type": "Secret Keyword",
        "filename": "tests/integration/test_bootstrap_pg.py",
        "hashed_secret": "c1d0912806dfccb5f948ef4d83abe25ea8ddf37d",
        "is_verified": false,
        "line_number": 29
      },
      {
        "type": "Secret Keyword",
        "filename": "tests/integration/test_bootstrap_pg.py",
        "hashed_secret": "96b0cba19e0d77accfc75f716c4d191eb5a020fc",
        "is_verified": false,
        "line_number": 98
      },
      {
        "type": "Secret Keyword",
        "filename": "tests/integration/test_bootstrap_pg.py",
        "hashed_secret": "0b2df4dd3bb5909440a3b6930b5f7d1dce09a710",
        "is_verified": false,
        "line_number": 116
      },
      {
        "type": "Secret Keyword",
        "filename": "tests/integration/test_bootstrap_pg.py",
        "hashed_secret": "ea8714902e75070dcbd3022f2e0f632f666fa349",
        "is_verified": false,
        "line_number": 171
      },
      {
        "type": "Secret Keyword",
        "filename": "tests/integration/test_bootstrap_pg.py",
        "hashed_secret": "a0f4ea7d91495df92bbac2e2149dfb850fe81396",
        "is_verified": false,
        "line_number": 201
      }
    ],
    "tests/integration/test_concurrency_pg.py": [
      {
        "type": "Secret Keyword",
        "filename": "tests/integration/test_concurrency_pg.py",
        "hashed_secret": "fcb9a24ba92926d7e4b2d6b4937bb47c902073db",
        "is_verified": false,
        "line_number": 37
      },
      {
        "type": "Base64 High Entropy String",
        "filename": "tests/integration/test_concurrency_pg.py",
        "hashed_secret": "7e96c27c37c9003e195becc3e65ff9d5683a5ee9",
        "is_verified": false,
        "line_number": 76
      },
      {
        "type": "Secret Keyword",
        "filename": "tests/integration/test_concurrency_pg.py",
        "hashed_secret": "986b8124454615e64c0060701d8131b15145c08d",
        "is_verified": false,
        "line_number": 165
      },
      {
        "type": "Secret Keyword",
        "filename": "tests/integration/test_concurrency_pg.py",
        "hashed_secret": "102336f7cff321f8bf967b833e333c76b86e1002",
        "is_verified": false,
        "line_number": 180
      },
      {
        "type": "Secret Keyword",
        "filename": "tests/integration/test_concurrency_pg.py",
        "hashed_secret": "7ae86397a78202052ce7689bcaf1da8966f3b1e8",
        "is_verified": false,
        "line_number": 243
      },
      {
        "type": "Secret Keyword",
        "filename": "tests/integration/test_concurrency_pg.py",
        "hashed_secret": "2771d36934f4c2c1db7830a55bc62dea25e65594",
        "is_verified": false,
        "line_number": 330
      },
      {
        "type": "Secret Keyword",
        "filename": "tests/integration/test_concurrency_pg.py",
        "hashed_secret": "41f6d8ffcd67894941c8704db4477292767f9f25",
        "is_verified": false,
        "line_number": 435
      },
      {
        "type": "Secret Keyword",
        "filename": "tests/integration/test_concurrency_pg.py",
        "hashed_secret": "46691f35eeea2622bea10e7d5ee6d3cbee4329f7",
        "is_verified": false,
        "line_number": 469
      }
    ],
    "tests/integration/test_distributed_rate_limiting_pg.py": [
      {
        "type": "Secret Keyword",
        "filename": "tests/integration/test_distributed_rate_limiting_pg.py",
        "hashed_secret": "5893289a63d935b8f731a10fab1f67fde7b52bce",
        "is_verified": false,
        "line_number": 103
      },
      {
        "type": "Secret Keyword",
        "filename": "tests/integration/test_distributed_rate_limiting_pg.py",
        "hashed_secret": "49efef5f70d47adc2db2eb397fbef5f7bc560e29",
        "is_verified": false,
        "line_number": 265
      },
      {
        "type": "Secret Keyword",
        "filename": "tests/integration/test_distributed_rate_limiting_pg.py",
        "hashed_secret": "c90d2c96fbf19302d857a786429ae43d61bab856",
        "is_verified": false,
        "line_number": 274
      }
    ],
    "tests/integration/test_email_verification_pg.py": [
      {
        "type": "Secret Keyword",
        "filename": "tests/integration/test_email_verification_pg.py",
        "hashed_secret": "4658309de2187d33f01bead0a762d07003c7e5c3",
        "is_verified": false,
        "line_number": 200
      },
      {
        "type": "Secret Keyword",
        "filename": "tests/integration/test_email_verification_pg.py",
        "hashed_secret": "62985a23c408e99b466b54825a58f094dcc1b3ca",
        "is_verified": false,
        "line_number": 324
      },
      {
        "type": "Secret Keyword",
        "filename": "tests/integration/test_email_verification_pg.py",
        "hashed_secret": "4596c3ef2eb3b0764627ca3ca69183e40d45a074",
        "is_verified": false,
        "line_number": 424
      }
    ],
    "tests/integration/test_features_pg.py": [
      {
        "type": "Secret Keyword",
        "filename": "tests/integration/test_features_pg.py",
        "hashed_secret": "3b882591ddff9e9ffffa405015c5513a0d6925ce",
        "is_verified": false,
        "line_number": 52
      },
      {
        "type": "Secret Keyword",
        "filename": "tests/integration/test_features_pg.py",
        "hashed_secret": "77b06c04f7dc251c96dffbf6a742a3c59b266219",
        "is_verified": false,
        "line_number": 116
      },
      {
        "type": "Secret Keyword",
        "filename": "tests/integration/test_features_pg.py",
        "hashed_secret": "01e0eedfefb261549bf33c9ee7df64e7b24e5799",
        "is_verified": false,
        "line_number": 183
      },
      {
        "type": "Secret Keyword",
        "filename": "tests/integration/test_features_pg.py",
        "hashed_secret": "f09834ec7cf1a191c24bdf1b3413164cf0bd3cac",
        "is_verified": false,
        "line_number": 286
      },
      {
        "type": "Secret Keyword",
        "filename": "tests/integration/test_features_pg.py",
        "hashed_secret": "b86c28120bbd53656276ba8ee06a49a415ced054",
        "is_verified": false,
        "line_number": 425
      }
    ],
    "tests/integration/test_oidc_pg.py": [
      {
        "type": "Secret Keyword",
        "filename": "tests/integration/test_oidc_pg.py",
        "hashed_secret": "e854311912adf0e7b5224a4bfd857f0a5e1e51ce",
        "is_verified": false,
        "line_number": 68
      },
      {
        "type": "Secret Keyword",
        "filename": "tests/integration/test_oidc_pg.py",
        "hashed_secret": "16152508eb86117a97fb5647c15b8e509d16658f",
        "is_verified": false,
        "line_number": 171
      },
      {
        "type": "Base64 High Entropy String",
        "filename": "tests/integration/test_oidc_pg.py",
        "hashed_secret": "c9807b05cc4cd70a29d701e62963b0b1841774c6",
        "is_verified": false,
        "line_number": 243
      },
      {
        "type": "Secret Keyword",
        "filename": "tests/integration/test_oidc_pg.py",
        "hashed_secret": "f43311202fa5b589068d8c42c770125c8dd2910f",
        "is_verified": false,
        "line_number": 306
      },
      {
        "type": "Secret Keyword",
        "filename": "tests/integration/test_oidc_pg.py",
        "hashed_secret": "2db0cf149470d694856e2686f0c8834cdb402c97",
        "is_verified": false,
        "line_number": 393
      },
      {
        "type": "Secret Keyword",
        "filename": "tests/integration/test_oidc_pg.py",
        "hashed_secret": "acb5855a186bcb721d2065dafc9a6f32d1c8c952",
        "is_verified": false,
        "line_number": 518
      }
    ],
    "tests/integration/test_passkey_pg.py": [
      {
        "type": "Secret Keyword",
        "filename": "tests/integration/test_passkey_pg.py",
        "hashed_secret": "f59679281ac20c8b7181f916fb3887cc9553c88b",
        "is_verified": false,
        "line_number": 63
      },
      {
        "type": "Secret Keyword",
        "filename": "tests/integration/test_passkey_pg.py",
        "hashed_secret": "701aade7ff3e42b52cf0afaa3b9387224fe48346",
        "is_verified": false,
        "line_number": 133
      },
      {
        "type": "Secret Keyword",
        "filename": "tests/integration/test_passkey_pg.py",
        "hashed_secret": "aa864f8f8a6fbd6772529824557d13f9255e4c83",
        "is_verified": false,
        "line_number": 216
      },
      {
        "type": "Secret Keyword",
        "filename": "tests/integration/test_passkey_pg.py",
        "hashed_secret": "dce3fdb8fe4c820ae66fe54e41b68c18d381d02f",
        "is_verified": false,
        "line_number": 330
      },
      {
        "type": "Secret Keyword",
        "filename": "tests/integration/test_passkey_pg.py",
        "hashed_secret": "9c9f0b85e14c729b5e103a8878eaecd7ed8ed7ef",
        "is_verified": false,
        "line_number": 448
      },
      {
        "type": "Secret Keyword",
        "filename": "tests/integration/test_passkey_pg.py",
        "hashed_secret": "313eb9bcf8db8bb1975f74fcd072690428bb75ce",
        "is_verified": false,
        "line_number": 130
      }
    ],
    "tests/integration/test_registration_pg.py": [
      {
        "type": "Secret Keyword",
        "filename": "tests/integration/test_registration_pg.py",
        "hashed_secret": "6e7340fcb750a7cf4bba360f1b6bcde7b81643d2",
        "is_verified": false,
        "line_number": 36
      },
      {
        "type": "Secret Keyword",
        "filename": "tests/integration/test_registration_pg.py",
        "hashed_secret": "861fbeb8c7d752ca58659c9d1e0c6901d1afd6b3",
        "is_verified": false,
        "line_number": 120
      },
      {
        "type": "Secret Keyword",
        "filename": "tests/integration/test_registration_pg.py",
        "hashed_secret": "4e791d97988fbf026879116135034348b0758c0d",
        "is_verified": false,
        "line_number": 236
      },
      {
        "type": "Secret Keyword",
        "filename": "tests/integration/test_registration_pg.py",
        "hashed_secret": "f2fa0346712198aeca85c4d2ffa810079112cf35",
        "is_verified": false,
        "line_number": 303
      },
      {
        "type": "Secret Keyword",
        "filename": "tests/integration/test_registration_pg.py",
        "hashed_secret": "37804f97bd9984f61610a4d11b1d1ff312d8e15d",
        "is_verified": false,
        "line_number": 350
      },
      {
        "type": "Secret Keyword",
        "filename": "tests/integration/test_registration_pg.py",
        "hashed_secret": "ba6d3747dfc184acd1236b014e18d9ac1a3ec01a",
        "is_verified": false,
        "line_number": 426
      },
      {
        "type": "Secret Keyword",
        "filename": "tests/integration/test_registration_pg.py",
        "hashed_secret": "6cca58fd7bcdac7ff6e551a93af8653819e5debf",
        "is_verified": false,
        "line_number": 449
      },
      {
        "type": "Secret Keyword",
        "filename": "tests/integration/test_registration_pg.py",
        "hashed_secret": "a752869c07205ba4af5b6330c3cab172e5e5dd40",
        "is_verified": false,
        "line_number": 254
      },
      {
        "type": "Secret Keyword",
        "filename": "tests/integration/test_registration_pg.py",
        "hashed_secret": "c90d2c96fbf19302d857a786429ae43d61bab856",
        "is_verified": false,
        "line_number": 374
      }
    ],
    "tests/integration/test_testmail_email_pg.py": [
      {
        "type": "Secret Keyword",
        "filename": "tests/integration/test_testmail_email_pg.py",
        "hashed_secret": "0592e5d3391e1f0f101c0d4d24e9e00088c423d6",
        "is_verified": false,
        "line_number": 15
      }
    ],
    "tests/test_admin_api.py": [
      {
        "type": "Secret Keyword",
        "filename": "tests/test_admin_api.py",
        "hashed_secret": "463d8353f4b927fd953e5af7c41084183e8ce5fb",
        "is_verified": false,
        "line_number": 110
      },
      {
        "type": "Secret Keyword",
        "filename": "tests/test_admin_api.py",
        "hashed_secret": "c4beb203d39b6c4bd3208dd8318a866c23999847",
        "is_verified": false,
        "line_number": 131
      }
    ],
    "tests/test_bootstrap_admin.py": [
      {
        "type": "Secret Keyword",
        "filename": "tests/test_bootstrap_admin.py",
        "hashed_secret": "59b5f35b1aa4c028953107968302765e1dba1cff",
        "is_verified": false,
        "line_number": 71
      },
      {
        "type": "Secret Keyword",
        "filename": "tests/test_bootstrap_admin.py",
        "hashed_secret": "a0f4ea7d91495df92bbac2e2149dfb850fe81396",
        "is_verified": false,
        "line_number": 208
      },
      {
        "type": "Secret Keyword",
        "filename": "tests/test_bootstrap_admin.py",
        "hashed_secret": "fbfb43a1fa563dbf1306a78fcc72aa750e5baaa2",
        "is_verified": false,
        "line_number": 309
      }
    ],
    "tests/test_core_verify.py": [
      {
        "type": "Base64 High Entropy String",
        "filename": "tests/test_core_verify.py",
        "hashed_secret": "c0eb1dc5057b4bc59b683c85f34d2f0545e85e46",
        "is_verified": false,
        "line_number": 43
      },
      {
        "type": "Base64 High Entropy String",
        "filename": "tests/test_core_verify.py",
        "hashed_secret": "af61ad46b6cd9e34e683e894976ded4441f2d9aa",
        "is_verified": false,
        "line_number": 44
      }
    ],
    "tests/test_database_guard.py": [
      {
        "type": "Basic Auth Credentials",
        "filename": "tests/test_database_guard.py",
        "hashed_secret": "9d4e1e23bd5b727046a9e3b4b7db57bd8d6ee684",
        "is_verified": false,
        "line_number": 54
      },
      {
        "type": "Basic Auth Credentials",
        "filename": "tests/test_database_guard.py",
        "hashed_secret": "e5e9fa1ba31ecd1ae84f75caaa474f3a663f05f4",
        "is_verified": false,
        "line_number": 71
      }
    ],
    "tests/test_g8_sec_regression.py": [
      {
        "type": "Secret Keyword",
        "filename": "tests/test_g8_sec_regression.py",
        "hashed_secret": "3afc8690a1c60418ab0a0f2c8f27bc96788796eb",
        "is_verified": false,
        "line_number": 53
      },
      {
        "type": "Base64 High Entropy String",
        "filename": "tests/test_g8_sec_regression.py",
        "hashed_secret": "c0eb1dc5057b4bc59b683c85f34d2f0545e85e46",
        "is_verified": false,
        "line_number": 70
      },
      {
        "type": "Base64 High Entropy String",
        "filename": "tests/test_g8_sec_regression.py",
        "hashed_secret": "af61ad46b6cd9e34e683e894976ded4441f2d9aa",
        "is_verified": false,
        "line_number": 71
      },
      {
        "type": "Secret Keyword",
        "filename": "tests/test_g8_sec_regression.py",
        "hashed_secret": "dce75cbe44e7f58a3b3684b63f2c7f3468e5abc7",
        "is_verified": false,
        "line_number": 122
      },
      {
        "type": "Secret Keyword",
        "filename": "tests/test_g8_sec_regression.py",
        "hashed_secret": "322c79e9a552ee0b694699d84f41e8230eb443db",
        "is_verified": false,
        "line_number": 163
      },
      {
        "type": "Secret Keyword",
        "filename": "tests/test_g8_sec_regression.py",
        "hashed_secret": "88abeb03c1cd0833f348dbc8ed35e2fb111a6d5f",
        "is_verified": false,
        "line_number": 204
      }
    ],
    "tests/test_g8_sso_regression.py": [
      {
        "type": "Secret Keyword",
        "filename": "tests/test_g8_sso_regression.py",
        "hashed_secret": "71d4c1da5b849d248430c26b796f533129cba61b",
        "is_verified": false,
        "line_number": 54
      },
      {
        "type": "Base64 High Entropy String",
        "filename": "tests/test_g8_sso_regression.py",
        "hashed_secret": "af61ad46b6cd9e34e683e894976ded4441f2d9aa",
        "is_verified": false,
        "line_number": 109
      }
    ],
    "tests/test_mfa_features.py": [
      {
        "type": "Secret Keyword",
        "filename": "tests/test_mfa_features.py",
        "hashed_secret": "16e1f48d96c1e6f9a71b69a21fed6ac9da2e7d6b",
        "is_verified": false,
        "line_number": 236
      }
    ],
    "tests/test_oidc_protocol.py": [
      {
        "type": "Base64 High Entropy String",
        "filename": "tests/test_oidc_protocol.py",
        "hashed_secret": "c0eb1dc5057b4bc59b683c85f34d2f0545e85e46",
        "is_verified": false,
        "line_number": 21
      },
      {
        "type": "Base64 High Entropy String",
        "filename": "tests/test_oidc_protocol.py",
        "hashed_secret": "af61ad46b6cd9e34e683e894976ded4441f2d9aa",
        "is_verified": false,
        "line_number": 22
      }
    ],
    "tests/test_ops_safety_unit.py": [
      {
        "type": "Basic Auth Credentials",
        "filename": "tests/test_ops_safety_unit.py",
        "hashed_secret": "e5e9fa1ba31ecd1ae84f75caaa474f3a663f05f4",
        "is_verified": false,
        "line_number": 46
      }
    ],
    "tests/test_overnight_runner_criteria.py": [
      {
        "type": "Basic Auth Credentials",
        "filename": "tests/test_overnight_runner_criteria.py",
        "hashed_secret": "a94a8fe5ccb19ba61c4c0873d391e987982fbbd3",
        "is_verified": false,
        "line_number": 322
      }
    ],
    "tests/test_registration.py": [
      {
        "type": "Secret Keyword",
        "filename": "tests/test_registration.py",
        "hashed_secret": "59b5f35b1aa4c028953107968302765e1dba1cff",
        "is_verified": false,
        "line_number": 45
      },
      {
        "type": "Secret Keyword",
        "filename": "tests/test_registration.py",
        "hashed_secret": "463d8353f4b927fd953e5af7c41084183e8ce5fb",
        "is_verified": false,
        "line_number": 124
      },
      {
        "type": "Secret Keyword",
        "filename": "tests/test_registration.py",
        "hashed_secret": "49efef5f70d47adc2db2eb397fbef5f7bc560e29",
        "is_verified": false,
        "line_number": 152
      },
      {
        "type": "Secret Keyword",
        "filename": "tests/test_registration.py",
        "hashed_secret": "4f700a01520b06b5f046caee252fc9c0baaee06b",
        "is_verified": false,
        "line_number": 169
      },
      {
        "type": "Secret Keyword",
        "filename": "tests/test_registration.py",
        "hashed_secret": "a0f4ea7d91495df92bbac2e2149dfb850fe81396",
        "is_verified": false,
        "line_number": 180
      },
      {
        "type": "Secret Keyword",
        "filename": "tests/test_registration.py",
        "hashed_secret": "6cca58fd7bcdac7ff6e551a93af8653819e5debf",
        "is_verified": false,
        "line_number": 309
      },
      {
        "type": "Secret Keyword",
        "filename": "tests/test_registration.py",
        "hashed_secret": "9620dc4ef79c333884fe9eed57cb76ebf6d81a9b",
        "is_verified": false,
        "line_number": 325
      },
      {
        "type": "Secret Keyword",
        "filename": "tests/test_registration.py",
        "hashed_secret": "0fc688ae3631ec2dde193be859af930dcfe99e32",
        "is_verified": false,
        "line_number": 394
      },
      {
        "type": "Secret Keyword",
        "filename": "tests/test_registration.py",
        "hashed_secret": "c90d2c96fbf19302d857a786429ae43d61bab856",
        "is_verified": false,
        "line_number": 171
      }
    ],
    "tests/test_security_and_negative_scenarios.py": [
      {
        "type": "Base64 High Entropy String",
        "filename": "tests/test_security_and_negative_scenarios.py",
        "hashed_secret": "af61ad46b6cd9e34e683e894976ded4441f2d9aa",
        "is_verified": false,
        "line_number": 42
      },
      {
        "type": "Base64 High Entropy String",
        "filename": "tests/test_security_and_negative_scenarios.py",
        "hashed_secret": "c0eb1dc5057b4bc59b683c85f34d2f0545e85e46",
        "is_verified": false,
        "line_number": 110
      },
      {
        "type": "Secret Keyword",
        "filename": "tests/test_security_and_negative_scenarios.py",
        "hashed_secret": "85c08fb0ff6bae7e56652ee15d4f049d67605dbd",
        "is_verified": false,
        "line_number": 225
      }
    ],
    "tests/test_server_lifecycle.py": [
      {
        "type": "Secret Keyword",
        "filename": "tests/test_server_lifecycle.py",
        "hashed_secret": "68138c1add82188157fd122a615515be5088bdbb",
        "is_verified": false,
        "line_number": 64
      },
      {
        "type": "Secret Keyword",
        "filename": "tests/test_server_lifecycle.py",
        "hashed_secret": "e1c4648c218ea2c47f45fa5208cf7b9001b7d8c6",
        "is_verified": false,
        "line_number": 91
      }
    ],
    "tests/test_testmail_client.py": [
      {
        "type": "Secret Keyword",
        "filename": "tests/test_testmail_client.py",
        "hashed_secret": "a304d72c209c07b9212628abc3d32f92c5787438",
        "is_verified": false,
        "line_number": 27
      },
      {
        "type": "Base64 High Entropy String",
        "filename": "tests/test_testmail_client.py",
        "hashed_secret": "c9c236a3b57d8598f8cb9d1ad61063802ead2fe7",
        "is_verified": false,
        "line_number": 359
      }
    ],
    "tests/test_verification_email.py": [
      {
        "type": "Secret Keyword",
        "filename": "tests/test_verification_email.py",
        "hashed_secret": "53c35e3d78ea280c73f9b163e4ebe280caa43846",
        "is_verified": false,
        "line_number": 22
      }
    ],
    "backend/app/data/common-passwords-source.json": [
      {
        "type": "Hex High Entropy String",
        "filename": "backend/app/data/common-passwords-source.json",
        "hashed_secret": "b504c493726a157e004bd7f1ed28d49cba291944",
        "is_verified": false,
        "line_number": 3
      }
    ],
    "frontend/e2e/protocol_lifecycle.spec.ts": [
      {
        "type": "Secret Keyword",
        "filename": "frontend/e2e/protocol_lifecycle.spec.ts",
        "hashed_secret": "6e045f6f32a6cc3d3be17962d881645f75c5ec8f",
        "is_verified": false,
        "line_number": 7
      }
    ],
    "frontend/e2e/totp.spec.ts": [
      {
        "type": "Secret Keyword",
        "filename": "frontend/e2e/totp.spec.ts",
        "hashed_secret": "ac77efb3a62562a1388039b923a0b72bdbeac574",
        "is_verified": false,
        "line_number": 6
      }
    ],
    "frontend/src/utils/security.test.ts": [
      {
        "type": "Basic Auth Credentials",
        "filename": "frontend/src/utils/security.test.ts",
        "hashed_secret": "5baa61e4c9b93f3f0682250b6cf8331b7ee68fd8",
        "is_verified": false,
        "line_number": 61
      }
    ],
    "scripts/rotate_keys.py": [
      {
        "type": "Base64 High Entropy String",
        "filename": "scripts/rotate_keys.py",
        "hashed_secret": "1d88dcdeae967e05e6e9a4463fbaa3bbff343d6e",
        "is_verified": false,
        "line_number": 68
      }
    ],
    "tests/integration/test_email_identity_uniqueness_pg.py": [
      {
        "type": "Secret Keyword",
        "filename": "tests/integration/test_email_identity_uniqueness_pg.py",
        "hashed_secret": "450896d56f71a22db34351d2251f2d10067d8cfb",
        "is_verified": false,
        "line_number": 27
      }
    ],
    "tests/integration/test_oidc_contract_remediation_pg.py": [
      {
        "type": "Secret Keyword",
        "filename": "tests/integration/test_oidc_contract_remediation_pg.py",
        "hashed_secret": "5a85f5273eca1604d1f8d36b30725a98d1f57687",
        "is_verified": false,
        "line_number": 21
      },
      {
        "type": "Secret Keyword",
        "filename": "tests/integration/test_oidc_contract_remediation_pg.py",
        "hashed_secret": "bed0b1ae9273881a1d5c56f3858fad7b3ccd158c",
        "is_verified": false,
        "line_number": 204
      },
      {
        "type": "Secret Keyword",
        "filename": "tests/integration/test_oidc_contract_remediation_pg.py",
        "hashed_secret": "332aaf8204c13d4fdb9303ebae79d51b44b609d4",
        "is_verified": false,
        "line_number": 205
      }
    ],
    "tests/integration/test_reauthentication_pg.py": [
      {
        "type": "Secret Keyword",
        "filename": "tests/integration/test_reauthentication_pg.py",
        "hashed_secret": "d4e21afdf9354fa94046ebad0b29d7825127f3a0",
        "is_verified": false,
        "line_number": 21
      }
    ],
    "tests/integration/test_security_event_races_pg.py": [
      {
        "type": "Secret Keyword",
        "filename": "tests/integration/test_security_event_races_pg.py",
        "hashed_secret": "c8740c71b80f5ac1e3e76de2ed5f71560765bac5",
        "is_verified": false,
        "line_number": 29
      }
    ],
    "tests/integration/test_security_revision_pg.py": [
      {
        "type": "Secret Keyword",
        "filename": "tests/integration/test_security_revision_pg.py",
        "hashed_secret": "b90650e7511ae60c3b714f2e05ca819b7b41a0d5",
        "is_verified": false,
        "line_number": 26
      }
    ],
    "tests/integration/test_totp_key_rotation_pg.py": [
      {
        "type": "Secret Keyword",
        "filename": "tests/integration/test_totp_key_rotation_pg.py",
        "hashed_secret": "6447f8e2bce346eebce3541bccd52ad6b350db59",
        "is_verified": false,
        "line_number": 44
      }
    ],
    "tests/test_diagnostic_codes.py": [
      {
        "type": "Secret Keyword",
        "filename": "tests/test_diagnostic_codes.py",
        "hashed_secret": "12b990a944210026201d1dacabba217ba32d0b7a",
        "is_verified": false,
        "line_number": 46
      }
    ],
    "tests/test_production_keys.py": [
      {
        "type": "Private Key",
        "filename": "tests/test_production_keys.py",
        "hashed_secret": "1348b145fa1a555461c1b790a2f66614781091e9",
        "is_verified": false,
        "line_number": 71
      },
      {
        "type": "Basic Auth Credentials",
        "filename": "tests/test_production_keys.py",
        "hashed_secret": "9d4e1e23bd5b727046a9e3b4b7db57bd8d6ee684",
        "is_verified": false,
        "line_number": 79
      },
      {
        "type": "Secret Keyword",
        "filename": "tests/test_production_keys.py",
        "hashed_secret": "c6a0ace4341efab18f59c1ec9422187eaf75d583",
        "is_verified": false,
        "line_number": 116
      }
    ],
    "tests/test_smtp_tls.py": [
      {
        "type": "Secret Keyword",
        "filename": "tests/test_smtp_tls.py",
        "hashed_secret": "df77a6b3e1381f280f62cc2eceea74ec575efde6",
        "is_verified": false,
        "line_number": 150
      },
      {
        "type": "Secret Keyword",
        "filename": "tests/test_smtp_tls.py",
        "hashed_secret": "385fcd6760f6432fcdc51c5f995ea61a31d5bbab",
        "is_verified": false,
        "line_number": 177
      }
    ]
  },
  "generated_at": "2026-10-02T03:08:05Z"
}
