{
  "version": "1.5.0",
  "plugins_used": [
    {
      "name": "ArtifactoryDetector"
    },
    {
      "name": "AWSKeyDetector"
    },
    {
      "name": "AzureStorageKeyDetector"
    },
    {
      "name": "Base64HighEntropyString",
      "limit": 4.5
    },
    {
      "name": "BasicAuthDetector"
    },
    {
      "name": "CloudantDetector"
    },
    {
      "name": "DiscordBotTokenDetector"
    },
    {
      "name": "GitHubTokenDetector"
    },
    {
      "name": "GitLabTokenDetector"
    },
    {
      "name": "HexHighEntropyString",
      "limit": 3.0
    },
    {
      "name": "IbmCloudIamDetector"
    },
    {
      "name": "IbmCosHmacDetector"
    },
    {
      "name": "IPPublicDetector"
    },
    {
      "name": "JwtTokenDetector"
    },
    {
      "name": "KeywordDetector",
      "keyword_exclude": ""
    },
    {
      "name": "MailchimpDetector"
    },
    {
      "name": "NpmDetector"
    },
    {
      "name": "OpenAIDetector"
    },
    {
      "name": "PrivateKeyDetector"
    },
    {
      "name": "PypiTokenDetector"
    },
    {
      "name": "SendGridDetector"
    },
    {
      "name": "SlackDetector"
    },
    {
      "name": "SoftlayerDetector"
    },
    {
      "name": "SquareOAuthDetector"
    },
    {
      "name": "StripeDetector"
    },
    {
      "name": "TelegramBotTokenDetector"
    },
    {
      "name": "TwilioKeyDetector"
    }
  ],
  "filters_used": [
    {
      "path": "detect_secrets.filters.allowlist.is_line_allowlisted"
    },
    {
      "path": "detect_secrets.filters.common.is_ignored_due_to_verification_policies",
      "min_level": 2
    },
    {
      "path": "detect_secrets.filters.heuristic.is_indirect_reference"
    },
    {
      "path": "detect_secrets.filters.heuristic.is_likely_id_string"
    },
    {
      "path": "detect_secrets.filters.heuristic.is_lock_file"
    },
    {
      "path": "detect_secrets.filters.heuristic.is_not_alphanumeric_string"
    },
    {
      "path": "detect_secrets.filters.heuristic.is_potential_uuid"
    },
    {
      "path": "detect_secrets.filters.heuristic.is_prefixed_with_dollar_sign"
    },
    {
      "path": "detect_secrets.filters.heuristic.is_sequential_string"
    },
    {
      "path": "detect_secrets.filters.heuristic.is_swagger_file"
    },
    {
      "path": "detect_secrets.filters.heuristic.is_templated_secret"
    }
  ],
  "results": {
    ".github/workflows/ci.yml": [
      {
        "type": "Secret Keyword",
        "filename": ".github/workflows/ci.yml",
        "hashed_secret": "98085e74928e275ccb2e9a7631952cbd9eea973f",
        "is_verified": false,
        "line_number": 76
      },
      {
        "type": "Secret Keyword",
        "filename": ".github/workflows/ci.yml",
        "hashed_secret": "dc0545f06d3bfe4812d0f5156bd266984a239600",
        "is_verified": false,
        "line_number": 107
      },
      {
        "type": "Basic Auth Credentials",
        "filename": ".github/workflows/ci.yml",
        "hashed_secret": "dc0545f06d3bfe4812d0f5156bd266984a239600",
        "is_verified": false,
        "line_number": 146
      },
      {
        "type": "Secret Keyword",
        "filename": ".github/workflows/ci.yml",
        "hashed_secret": "82256c4660cbaf5c84b12b94c9a1e45e138398d6",
        "is_verified": false,
        "line_number": 148
      },
      {
        "type": "Secret Keyword",
        "filename": ".github/workflows/ci.yml",
        "hashed_secret": "08d53de004213318260706fab7a222c8c801ffc4",
        "is_verified": false,
        "line_number": 351
      },
      {
        "type": "Secret Keyword",
        "filename": ".github/workflows/ci.yml",
        "hashed_secret": "d75a62466327deaa62226c67a39b2913b4497a81",
        "is_verified": false,
        "line_number": 352
      },
      {
        "type": "Secret Keyword",
        "filename": ".github/workflows/ci.yml",
        "hashed_secret": "20e1e3aeee85f5f559829605cc8552ec7668cd2e",
        "is_verified": false,
        "line_number": 354
      }
    ],
    "docs/acceptance-goal-08.json": [
      {
        "type": "Hex High Entropy String",
        "filename": "docs/acceptance-goal-08.json",
        "hashed_secret": "7cf7b644cdc597e4bf60f77d9efe0bae3a589b2f",
        "is_verified": false,
        "line_number": 6
      }
    ],
    "docs/acceptance-goal-09.json": [
      {
        "type": "Hex High Entropy String",
        "filename": "docs/acceptance-goal-09.json",
        "hashed_secret": "84a7a7c1dfdb49a076b62499af975daa67b2dfcd",
        "is_verified": false,
        "line_number": 4
      },
      {
        "type": "Hex High Entropy String",
        "filename": "docs/acceptance-goal-09.json",
        "hashed_secret": "2edb9c009db36e0fae017ac8e254fcb43d1bc902",
        "is_verified": false,
        "line_number": 6
      }
    ],
    "docs/api.md": [
      {
        "type": "Secret Keyword",
        "filename": "docs/api.md",
        "hashed_secret": "463d8353f4b927fd953e5af7c41084183e8ce5fb",
        "is_verified": false,
        "line_number": 149
      },
      {
        "type": "Secret Keyword",
        "filename": "docs/api.md",
        "hashed_secret": "19986a28eec95368fbbbbb77b09803c321a0e771",
        "is_verified": false,
        "line_number": 175
      },
      {
        "type": "Secret Keyword",
        "filename": "docs/api.md",
        "hashed_secret": "73027c15d2f0904f8823803d682795f029da84c9",
        "is_verified": false,
        "line_number": 210
      },
      {
        "type": "Secret Keyword",
        "filename": "docs/api.md",
        "hashed_secret": "46b1efc6e3a7437c0a211f3c524910cfc9ef54cf",
        "is_verified": false,
        "line_number": 211
      }
    ],
    "frontend/e2e/sso.spec.ts": [
      {
        "type": "Secret Keyword",
        "filename": "frontend/e2e/sso.spec.ts",
        "hashed_secret": "a48fc252c80c79d3fab1a454463f1da7e0cdae89",
        "is_verified": false,
        "line_number": 127
      }
    ],
    "packages/python-sdk/README.md": [
      {
        "type": "Secret Keyword",
        "filename": "packages/python-sdk/README.md",
        "hashed_secret": "d9ec1c60cf6b2603f8d2dc12fce7746c73e501b1",
        "is_verified": false,
        "line_number": 68
      }
    ],
    "scripts/prepare_e2e_data.py": [
      {
        "type": "Secret Keyword",
        "filename": "scripts/prepare_e2e_data.py",
        "hashed_secret": "20e1e3aeee85f5f559829605cc8552ec7668cd2e",
        "is_verified": false,
        "line_number": 46
      },
      {
        "type": "Secret Keyword",
        "filename": "scripts/prepare_e2e_data.py",
        "hashed_secret": "3c9f92c30ecae5350d5ea52df41e99994a80b5de",
        "is_verified": false,
        "line_number": 53
      },
      {
        "type": "Secret Keyword",
        "filename": "scripts/prepare_e2e_data.py",
        "hashed_secret": "08d53de004213318260706fab7a222c8c801ffc4",
        "is_verified": false,
        "line_number": 170
      },
      {
        "type": "Secret Keyword",
        "filename": "scripts/prepare_e2e_data.py",
        "hashed_secret": "d75a62466327deaa62226c67a39b2913b4497a81",
        "is_verified": false,
        "line_number": 180
      }
    ],
    "tests/integration/test_auth_sessions_pg.py": [
      {
        "type": "Secret Keyword",
        "filename": "tests/integration/test_auth_sessions_pg.py",
        "hashed_secret": "14c6536760a4ab78b2ec56a6534154ae97bb8e36",
        "is_verified": false,
        "line_number": 21
      },
      {
        "type": "Secret Keyword",
        "filename": "tests/integration/test_auth_sessions_pg.py",
        "hashed_secret": "98e540ffae8223c143f1453da4c8604ca943213e",
        "is_verified": false,
        "line_number": 29
      },
      {
        "type": "Secret Keyword",
        "filename": "tests/integration/test_auth_sessions_pg.py",
        "hashed_secret": "a4e816b0a61bfb907ee7f12d0051dd7e7427c826",
        "is_verified": false,
        "line_number": 115
      },
      {
        "type": "Secret Keyword",
        "filename": "tests/integration/test_auth_sessions_pg.py",
        "hashed_secret": "1a58c3407dd4e07d1df93ca6806837da1b548263",
        "is_verified": false,
        "line_number": 151
      },
      {
        "type": "Secret Keyword",
        "filename": "tests/integration/test_auth_sessions_pg.py",
        "hashed_secret": "b3f377a87c9018caa8aea51da23cdc17c74bc946",
        "is_verified": false,
        "line_number": 193
      },
      {
        "type": "Secret Keyword",
        "filename": "tests/integration/test_auth_sessions_pg.py",
        "hashed_secret": "de901dc02af436399c9c435ddfde71e8971db341",
        "is_verified": false,
        "line_number": 218
      }
    ],
    "tests/integration/test_bootstrap_pg.py": [
      {
        "type": "Secret Keyword",
        "filename": "tests/integration/test_bootstrap_pg.py",
        "hashed_secret": "c1d0912806dfccb5f948ef4d83abe25ea8ddf37d",
        "is_verified": false,
        "line_number": 29
      },
      {
        "type": "Secret Keyword",
        "filename": "tests/integration/test_bootstrap_pg.py",
        "hashed_secret": "96b0cba19e0d77accfc75f716c4d191eb5a020fc",
        "is_verified": false,
        "line_number": 98
      },
      {
        "type": "Secret Keyword",
        "filename": "tests/integration/test_bootstrap_pg.py",
        "hashed_secret": "0b2df4dd3bb5909440a3b6930b5f7d1dce09a710",
        "is_verified": false,
        "line_number": 116
      },
      {
        "type": "Secret Keyword",
        "filename": "tests/integration/test_bootstrap_pg.py",
        "hashed_secret": "ea8714902e75070dcbd3022f2e0f632f666fa349",
        "is_verified": false,
        "line_number": 171
      },
      {
        "type": "Secret Keyword",
        "filename": "tests/integration/test_bootstrap_pg.py",
        "hashed_secret": "a0f4ea7d91495df92bbac2e2149dfb850fe81396",
        "is_verified": false,
        "line_number": 201
      }
    ],
    "tests/integration/test_concurrency_pg.py": [
      {
        "type": "Secret Keyword",
        "filename": "tests/integration/test_concurrency_pg.py",
        "hashed_secret": "fcb9a24ba92926d7e4b2d6b4937bb47c902073db",
        "is_verified": false,
        "line_number": 36
      },
      {
        "type": "Base64 High Entropy String",
        "filename": "tests/integration/test_concurrency_pg.py",
        "hashed_secret": "7e96c27c37c9003e195becc3e65ff9d5683a5ee9",
        "is_verified": false,
        "line_number": 75
      },
      {
        "type": "Secret Keyword",
        "filename": "tests/integration/test_concurrency_pg.py",
        "hashed_secret": "986b8124454615e64c0060701d8131b15145c08d",
        "is_verified": false,
        "line_number": 168
      },
      {
        "type": "Secret Keyword",
        "filename": "tests/integration/test_concurrency_pg.py",
        "hashed_secret": "102336f7cff321f8bf967b833e333c76b86e1002",
        "is_verified": false,
        "line_number": 180
      },
      {
        "type": "Secret Keyword",
        "filename": "tests/integration/test_concurrency_pg.py",
        "hashed_secret": "7ae86397a78202052ce7689bcaf1da8966f3b1e8",
        "is_verified": false,
        "line_number": 237
      },
      {
        "type": "Secret Keyword",
        "filename": "tests/integration/test_concurrency_pg.py",
        "hashed_secret": "2771d36934f4c2c1db7830a55bc62dea25e65594",
        "is_verified": false,
        "line_number": 324
      },
      {
        "type": "Secret Keyword",
        "filename": "tests/integration/test_concurrency_pg.py",
        "hashed_secret": "41f6d8ffcd67894941c8704db4477292767f9f25",
        "is_verified": false,
        "line_number": 431
      },
      {
        "type": "Secret Keyword",
        "filename": "tests/integration/test_concurrency_pg.py",
        "hashed_secret": "46691f35eeea2622bea10e7d5ee6d3cbee4329f7",
        "is_verified": false,
        "line_number": 460
      }
    ],
    "tests/integration/test_registration_pg.py": [
      {
        "type": "Secret Keyword",
        "filename": "tests/integration/test_registration_pg.py",
        "hashed_secret": "6e7340fcb750a7cf4bba360f1b6bcde7b81643d2",
        "is_verified": false,
        "line_number": 33
      },
      {
        "type": "Secret Keyword",
        "filename": "tests/integration/test_registration_pg.py",
        "hashed_secret": "861fbeb8c7d752ca58659c9d1e0c6901d1afd6b3",
        "is_verified": false,
        "line_number": 110
      },
      {
        "type": "Secret Keyword",
        "filename": "tests/integration/test_registration_pg.py",
        "hashed_secret": "37804f97bd9984f61610a4d11b1d1ff312d8e15d",
        "is_verified": false,
        "line_number": 209
      },
      {
        "type": "Secret Keyword",
        "filename": "tests/integration/test_registration_pg.py",
        "hashed_secret": "ba6d3747dfc184acd1236b014e18d9ac1a3ec01a",
        "is_verified": false,
        "line_number": 277
      },
      {
        "type": "Secret Keyword",
        "filename": "tests/integration/test_registration_pg.py",
        "hashed_secret": "6cca58fd7bcdac7ff6e551a93af8653819e5debf",
        "is_verified": false,
        "line_number": 300
      }
    ],
    "tests/test_bootstrap_admin.py": [
      {
        "type": "Secret Keyword",
        "filename": "tests/test_bootstrap_admin.py",
        "hashed_secret": "59b5f35b1aa4c028953107968302765e1dba1cff",
        "is_verified": false,
        "line_number": 71
      },
      {
        "type": "Secret Keyword",
        "filename": "tests/test_bootstrap_admin.py",
        "hashed_secret": "a0f4ea7d91495df92bbac2e2149dfb850fe81396",
        "is_verified": false,
        "line_number": 208
      },
      {
        "type": "Secret Keyword",
        "filename": "tests/test_bootstrap_admin.py",
        "hashed_secret": "fbfb43a1fa563dbf1306a78fcc72aa750e5baaa2",
        "is_verified": false,
        "line_number": 309
      }
    ],
    "tests/test_core_verify.py": [
      {
        "type": "Base64 High Entropy String",
        "filename": "tests/test_core_verify.py",
        "hashed_secret": "c0eb1dc5057b4bc59b683c85f34d2f0545e85e46",
        "is_verified": false,
        "line_number": 39
      },
      {
        "type": "Base64 High Entropy String",
        "filename": "tests/test_core_verify.py",
        "hashed_secret": "af61ad46b6cd9e34e683e894976ded4441f2d9aa",
        "is_verified": false,
        "line_number": 40
      }
    ],
    "tests/test_database_guard.py": [
      {
        "type": "Basic Auth Credentials",
        "filename": "tests/test_database_guard.py",
        "hashed_secret": "9d4e1e23bd5b727046a9e3b4b7db57bd8d6ee684",
        "is_verified": false,
        "line_number": 54
      },
      {
        "type": "Basic Auth Credentials",
        "filename": "tests/test_database_guard.py",
        "hashed_secret": "e5e9fa1ba31ecd1ae84f75caaa474f3a663f05f4",
        "is_verified": false,
        "line_number": 71
      }
    ],
    "tests/test_ops_safety_unit.py": [
      {
        "type": "Basic Auth Credentials",
        "filename": "tests/test_ops_safety_unit.py",
        "hashed_secret": "e5e9fa1ba31ecd1ae84f75caaa474f3a663f05f4",
        "is_verified": false,
        "line_number": 26
      }
    ],
    "tests/test_overnight_runner_criteria.py": [
      {
        "type": "Basic Auth Credentials",
        "filename": "tests/test_overnight_runner_criteria.py",
        "hashed_secret": "a94a8fe5ccb19ba61c4c0873d391e987982fbbd3",
        "is_verified": false,
        "line_number": 322
      }
    ],
    "tests/test_registration.py": [
      {
        "type": "Secret Keyword",
        "filename": "tests/test_registration.py",
        "hashed_secret": "59b5f35b1aa4c028953107968302765e1dba1cff",
        "is_verified": false,
        "line_number": 43
      },
      {
        "type": "Secret Keyword",
        "filename": "tests/test_registration.py",
        "hashed_secret": "463d8353f4b927fd953e5af7c41084183e8ce5fb",
        "is_verified": false,
        "line_number": 111
      },
      {
        "type": "Secret Keyword",
        "filename": "tests/test_registration.py",
        "hashed_secret": "49efef5f70d47adc2db2eb397fbef5f7bc560e29",
        "is_verified": false,
        "line_number": 138
      },
      {
        "type": "Secret Keyword",
        "filename": "tests/test_registration.py",
        "hashed_secret": "4f700a01520b06b5f046caee252fc9c0baaee06b",
        "is_verified": false,
        "line_number": 155
      },
      {
        "type": "Secret Keyword",
        "filename": "tests/test_registration.py",
        "hashed_secret": "a0f4ea7d91495df92bbac2e2149dfb850fe81396",
        "is_verified": false,
        "line_number": 166
      },
      {
        "type": "Secret Keyword",
        "filename": "tests/test_registration.py",
        "hashed_secret": "6cca58fd7bcdac7ff6e551a93af8653819e5debf",
        "is_verified": false,
        "line_number": 287
      },
      {
        "type": "Secret Keyword",
        "filename": "tests/test_registration.py",
        "hashed_secret": "9620dc4ef79c333884fe9eed57cb76ebf6d81a9b",
        "is_verified": false,
        "line_number": 303
      },
      {
        "type": "Secret Keyword",
        "filename": "tests/test_registration.py",
        "hashed_secret": "0fc688ae3631ec2dde193be859af930dcfe99e32",
        "is_verified": false,
        "line_number": 372
      }
    ]
  },
  "generated_at": "2026-09-26T19:36:45Z"
}
